// Jest Snapshot v1, https://goo.gl/fbAQLP

exports[`SocialsList Component should render component 1`] = `
<Fragment>
  <SocialPreview
    id={1}
    key="1"
    name="Google"
  />
  <SocialPreview
    id={1}
    key="1"
    name="Facebook"
  />
</Fragment>
`;
